[debug] [2026-05-20T10:16:29.850Z] ----------------------------------------------------------------------
[debug] [2026-05-20T10:16:29.852Z] Command:       C:\Program Files\nodejs\node.exe C:\Users\ajay.mallepogu\AppData\Roaming\npm\node_modules\firebase-tools\lib\bin\firebase.js init
[debug] [2026-05-20T10:16:29.852Z] CLI Version:   15.18.0
[debug] [2026-05-20T10:16:29.852Z] Platform:      win32
[debug] [2026-05-20T10:16:29.852Z] Node Version:  v25.6.1
[debug] [2026-05-20T10:16:29.852Z] Time:          Wed May 20 2026 15:46:29 GMT+0530 (India Standard Time)
[debug] [2026-05-20T10:16:29.852Z] ----------------------------------------------------------------------
[debug] 
[debug] [2026-05-20T10:16:29.854Z] >>> [apiv2][query] GET https://firebase-public.firebaseio.com/cli.json [none]
[info] 
     ######## #### ########  ######## ########     ###     ######  ########
     ##        ##  ##     ## ##       ##     ##  ##   ##  ##       ##
     ######    ##  ########  ######   ########  #########  ######  ######
     ##        ##  ##    ##  ##       ##     ## ##     ##       ## ##
     ##       #### ##     ## ######## ########  ##     ##  ######  ########

You're about to initialize a Firebase project in this directory:

  D:\Slack X Meet

[debug] [2026-05-20T10:16:31.392Z] <<< [apiv2][status] GET https://firebase-public.firebaseio.com/cli.json 200
[debug] [2026-05-20T10:16:31.392Z] <<< [apiv2][body] GET https://firebase-public.firebaseio.com/cli.json {"cloudBuildErrorAfter":1594252800000,"cloudBuildWarnAfter":1590019200000,"defaultNode10After":1594252800000,"minVersion":"3.0.5","node8DeploysDisabledAfter":1613390400000,"node8RuntimeDisabledAfter":1615809600000,"node8WarnAfter":1600128000000}
[info] 
=== Project Setup
[info] 
[info] First, let's associate this project directory with a Firebase project.
[info] You can create multiple project aliases by running firebase use --add, 
[info] 
[debug] [2026-05-20T10:20:12.340Z] > command requires scopes: ["email","openid","https://www.googleapis.com/auth/cloudplatformprojects.readonly","https://www.googleapis.com/auth/firebase","https://www.googleapis.com/auth/cloud-platform"]
[debug] [2026-05-20T10:20:12.340Z] > authorizing via signed-in user (ajay.mallepogu@bosframework.com)
[debug] [2026-05-20T10:20:12.342Z] Checked if tokens are valid: false, expires at: 1759212779996
[debug] [2026-05-20T10:20:12.342Z] Checked if tokens are valid: false, expires at: 1759212779996
[debug] [2026-05-20T10:20:12.343Z] > refreshing access token with scopes: []
[debug] [2026-05-20T10:20:12.344Z] >>> [apiv2][query] POST https://www.googleapis.com/oauth2/v3/token [none]
[debug] [2026-05-20T10:20:12.344Z] >>> [apiv2][body] POST https://www.googleapis.com/oauth2/v3/token [omitted]
[debug] [2026-05-20T10:20:12.506Z] <<< [apiv2][status] POST https://www.googleapis.com/oauth2/v3/token 400
[debug] [2026-05-20T10:20:12.506Z] <<< [apiv2][body] POST https://www.googleapis.com/oauth2/v3/token [omitted]
[debug] [2026-05-20T10:20:12.507Z] >>> [apiv2][query] GET https://firebase.googleapis.com/v1beta1/projects pageSize=100
[debug] [2026-05-20T10:20:12.709Z] <<< [apiv2][status] GET https://firebase.googleapis.com/v1beta1/projects 401
[debug] [2026-05-20T10:20:12.709Z] <<< [apiv2][body] GET https://firebase.googleapis.com/v1beta1/projects [omitted]
[debug] [2026-05-20T10:20:12.709Z] Got a 401 Unauthenticated error for a call that required authentication. Refreshing tokens.
[debug] [2026-05-20T10:20:12.710Z] Checked if tokens are valid: false, expires at: 1759212779996
[debug] [2026-05-20T10:20:12.710Z] Checked if tokens are valid: false, expires at: 1759212779996
[debug] [2026-05-20T10:20:12.710Z] > refreshing access token with scopes: []
[debug] [2026-05-20T10:20:12.711Z] >>> [apiv2][query] POST https://www.googleapis.com/oauth2/v3/token [none]
[debug] [2026-05-20T10:20:12.711Z] >>> [apiv2][body] POST https://www.googleapis.com/oauth2/v3/token [omitted]
[debug] [2026-05-20T10:20:12.777Z] <<< [apiv2][status] POST https://www.googleapis.com/oauth2/v3/token 400
[debug] [2026-05-20T10:20:12.778Z] <<< [apiv2][body] POST https://www.googleapis.com/oauth2/v3/token [omitted]
[debug] [2026-05-20T10:20:12.780Z] Request to https://firebase.googleapis.com/v1beta1/projects?pageSize=100 had HTTP Error: 401, Request had invalid authentication credentials. Expected OAuth 2 access token, login cookie or other valid authentication credential. See https://developers.google.com/identity/sign-in/web/devconsole-project.
[debug] [2026-05-20T10:20:12.781Z] FirebaseError: Request to https://firebase.googleapis.com/v1beta1/projects?pageSize=100 had HTTP Error: 401, Request had invalid authentication credentials. Expected OAuth 2 access token, login cookie or other valid authentication credential. See https://developers.google.com/identity/sign-in/web/devconsole-project.
    at responseToError (C:\Users\ajay.mallepogu\AppData\Roaming\npm\node_modules\firebase-tools\lib\responseToError.js:53:12)
    at RetryOperation._fn (C:\Users\ajay.mallepogu\AppData\Roaming\npm\node_modules\firebase-tools\lib\apiv2.js:333:77)
    at process.processTicksAndRejections (node:internal/process/task_queues:104:5)
[error] 
[error] Error: Failed to list Firebase projects. See firebase-debug.log for more info.
